// Jest Snapshot v1, https://goo.gl/fbAQLP

exports[`MoviePlanet should match the snapshot 1`] = `
<div
  className="planetImage planetundefined"
  key="0"
  onClick={[Function]}
>
  <h1
    className="planetNumber"
  />
</div>
`;
