// Jest Snapshot v1, https://goo.gl/fbAQLP

exports[`App should match the wrapper 1`] = `
<div
  className="App"
>
  <UserProfile
    isOpen={false}
    updateUserMenuState={[Function]}
    userFavQuote=""
    userLogoutReset={[Function]}
    userName=""
    userRanking=""
  />
  <Route
    exact={true}
    path="/"
  >
    <Modal
      ariaHideApp={true}
      bodyOpenClassName="ReactModal__Body--open"
      className="WelcomeFormModal"
      closeTimeoutMS={0}
      contentLabel="Welcome Form"
      isOpen={true}
      onRequestClose={[Function]}
      overlayClassName="WelcomeFormOverlay"
      parentSelector={[Function]}
      portalClassName="ReactModalPortal"
      role="dialog"
      shouldCloseOnEsc={true}
      shouldCloseOnOverlayClick={true}
      shouldFocusAfterRender={true}
      shouldReturnFocusAfterClose={true}
      style={
        Object {
          "content": Object {},
          "overlay": Object {},
        }
      }
    >
      <withRouter(Form)
        handleFormSubmit={[Function]}
      />
    </Modal>
  </Route>
  <Route
    component={[Function]}
    exact={true}
    path="/"
  />
  <Modal
    ariaHideApp={true}
    bodyOpenClassName="ReactModal__Body--open"
    className="MovieModal"
    closeTimeoutMS={0}
    isOpen={false}
    overlayClassName="MovieModalOverlay"
    parentSelector={[Function]}
    portalClassName="ReactModalPortal"
    role="dialog"
    shouldCloseOnEsc={true}
    shouldCloseOnOverlayClick={true}
    shouldFocusAfterRender={true}
    shouldReturnFocusAfterClose={true}
    style={
      Object {
        "content": Object {},
        "overlay": Object {
          "backgroundColor": "rgba(255, 255, 255, 0.75)",
          "bottom": 0,
          "left": 0,
          "position": "fixed",
          "right": 0,
          "top": 0,
        },
      }
    }
  >
    <MovieModal
      currentMovie={Object {}}
      updatePlanetModalState={[Function]}
    />
  </Modal>
  <Route
    exact={true}
    path="/movies"
    render={[Function]}
  />
  <Route
    component={[Function]}
    exact={true}
    path="/favorite-characters"
  >
    <FavoriteCharacters
      addFavoriteCharacter={[Function]}
      characterInfo={Array []}
    />
  </Route>
  <Route
    extact={true}
    path="/movies/:id"
    render={[Function]}
  />
</div>
`;
